 S0C    S1C    S0U    S1U      EC       EU        OC         OU       MC     MU    CCSC   CCSU   YGC     YGCT    FGC    FGCT     GCT   
1536.0 1536.0  0.0   704.0  24576.0   5032.8   88576.0    56515.9   46080.0 42645.0 7168.0 6144.0    113    0.351   5      0.321    0.672
1536.0 1536.0  0.0   704.0  24576.0   6508.4   88576.0    56515.9   46080.0 42645.0 7168.0 6144.0    113    0.351   5      0.321    0.672
1536.0 1536.0  0.0   704.0  24576.0   8387.6   88576.0    56515.9   46080.0 42645.0 7168.0 6144.0    113    0.351   5      0.321    0.672
1536.0 1536.0  0.0   704.0  24576.0  11187.3   88576.0    56515.9   46080.0 42645.0 7168.0 6144.0    113    0.351   5      0.321    0.672
1536.0 1536.0  0.0   704.0  24576.0  12681.2   88576.0    56515.9   46080.0 42645.0 7168.0 6144.0    113    0.351   5      0.321    0.672
1536.0 1536.0  0.0   704.0  24576.0  14169.9   88576.0    56515.9   46080.0 42645.0 7168.0 6144.0    113    0.351   5      0.321    0.672
1536.0 1536.0  0.0   704.0  24576.0  15474.5   88576.0    56515.9   46080.0 42645.0 7168.0 6144.0    113    0.351   5      0.321    0.672
1536.0 1536.0  0.0   704.0  24576.0  17296.2   88576.0    56515.9   46080.0 42645.0 7168.0 6144.0    113    0.351   5      0.321    0.672
1536.0 1536.0  0.0   704.0  24576.0  18762.2   88576.0    56515.9   46080.0 42645.0 7168.0 6144.0    113    0.351   5      0.321    0.672
1536.0 1536.0  0.0   704.0  24576.0  20304.6   88576.0    56515.9   46080.0 42645.0 7168.0 6144.0    113    0.351   5      0.321    0.672
1536.0 1536.0  0.0   704.0  24576.0  21843.5   88576.0    56515.9   46080.0 42645.0 7168.0 6144.0    113    0.351   5      0.321    0.672
1536.0 1536.0  0.0   704.0  24576.0  23393.7   88576.0    56515.9   46080.0 42645.0 7168.0 6144.0    113    0.351   5      0.321    0.672
1536.0 1536.0 768.4   0.0   24576.0   385.5    88576.0    56531.9   46080.0 42645.0 7168.0 6144.0    114    0.353   5      0.321    0.674
1536.0 1536.0 768.4   0.0   24576.0   2070.0   88576.0    56531.9   46080.0 42645.0 7168.0 6144.0    114    0.353   5      0.321    0.674
1536.0 1536.0 768.4   0.0   24576.0   3606.3   88576.0    56531.9   46080.0 42645.0 7168.0 6144.0    114    0.353   5      0.321    0.674
1536.0 1536.0 768.4   0.0   24576.0   5085.8   88576.0    56531.9   46080.0 42645.0 7168.0 6144.0    114    0.353   5      0.321    0.674
1536.0 1536.0 768.4   0.0   24576.0   6948.1   88576.0    56531.9   46080.0 42645.0 7168.0 6144.0    114    0.353   5      0.321    0.674
1536.0 1536.0 768.4   0.0   24576.0   8397.3   88576.0    56531.9   46080.0 42645.0 7168.0 6144.0    114    0.353   5      0.321    0.674
1536.0 1536.0 768.4   0.0   24576.0   9682.9   88576.0    56531.9   46080.0 42645.0 7168.0 6144.0    114    0.353   5      0.321    0.674
1536.0 1536.0 768.4   0.0   24576.0  11246.2   88576.0    56531.9   46080.0 42645.0 7168.0 6144.0    114    0.353   5      0.321    0.674
1536.0 1536.0 768.4   0.0   24576.0  13020.4   88576.0    56531.9   46080.0 42645.0 7168.0 6144.0    114    0.353   5      0.321    0.674
1536.0 1536.0 768.4   0.0   24576.0  14588.0   88576.0    56531.9   46080.0 42645.0 7168.0 6144.0    114    0.353   5      0.321    0.674
1536.0 1536.0 768.4   0.0   24576.0  16177.8   88576.0    56531.9   46080.0 42645.0 7168.0 6144.0    114    0.353   5      0.321    0.674
1536.0 1536.0 768.4   0.0   24576.0  17671.4   88576.0    56531.9   46080.0 42645.0 7168.0 6144.0    114    0.353   5      0.321    0.674
1536.0 1536.0 768.4   0.0   24576.0  19245.8   88576.0    56531.9   46080.0 42645.0 7168.0 6144.0    114    0.353   5      0.321    0.674
1536.0 1536.0 768.4   0.0   24576.0  20814.8   88576.0    56531.9   46080.0 42645.0 7168.0 6144.0    114    0.353   5      0.321    0.674
1536.0 1536.0 768.4   0.0   24576.0  22343.4   88576.0    56531.9   46080.0 42645.0 7168.0 6144.0    114    0.353   5      0.321    0.674
1536.0 1536.0 768.4   0.0   24576.0  23918.5   88576.0    56531.9   46080.0 42645.0 7168.0 6144.0    114    0.353   5      0.321    0.674
1536.0 1536.0  0.0   752.0  24576.0   1024.6   88576.0    56563.9   46080.0 42645.0 7168.0 6144.0    115    0.354   5      0.321    0.676
1536.0 1536.0  0.0   752.0  24576.0   2984.8   88576.0    56563.9   46080.0 42645.0 7168.0 6144.0    115    0.354   5      0.321    0.676
1536.0 1536.0  0.0   752.0  24576.0   4860.0   88576.0    56563.9   46080.0 42645.0 7168.0 6144.0    115    0.354   5      0.321    0.676
1536.0 1536.0  0.0   752.0  24576.0   6405.2   88576.0    56563.9   46080.0 42645.0 7168.0 6144.0    115    0.354   5      0.321    0.676
1536.0 1536.0  0.0   752.0  24576.0   7977.2   88576.0    56563.9   46080.0 42645.0 7168.0 6144.0    115    0.354   5      0.321    0.676
1536.0 1536.0  0.0   752.0  24576.0   9443.5   88576.0    56563.9   46080.0 42645.0 7168.0 6144.0    115    0.354   5      0.321    0.676
1536.0 1536.0  0.0   752.0  24576.0  11322.2   88576.0    56563.9   46080.0 42645.0 7168.0 6144.0    115    0.354   5      0.321    0.676
1536.0 1536.0  0.0   752.0  24576.0  12862.5   88576.0    56563.9   46080.0 42645.0 7168.0 6144.0    115    0.354   5      0.321    0.676
1536.0 1536.0  0.0   752.0  24576.0  15096.6   88576.0    56563.9   46080.0 42645.0 7168.0 6144.0    115    0.354   5      0.321    0.676
1536.0 1536.0  0.0   752.0  24576.0  16498.8   88576.0    56563.9   46080.0 42645.0 7168.0 6144.0    115    0.354   5      0.321    0.676
1536.0 1536.0  0.0   752.0  24576.0  18023.1   88576.0    56563.9   46080.0 42645.0 7168.0 6144.0    115    0.354   5      0.321    0.676
1536.0 1536.0  0.0   752.0  24576.0  19570.3   88576.0    56563.9   46080.0 42645.0 7168.0 6144.0    115    0.354   5      0.321    0.676
1536.0 1536.0  0.0   752.0  24576.0  21427.2   88576.0    56563.9   46080.0 42645.0 7168.0 6144.0    115    0.354   5      0.321    0.676
1536.0 1536.0  0.0   752.0  24576.0  22967.1   88576.0    56563.9   46080.0 42645.0 7168.0 6144.0    115    0.354   5      0.321    0.676
1536.0 1536.0  0.0   752.0  24576.0  24531.2   88576.0    56563.9   46080.0 42645.0 7168.0 6144.0    115    0.354   5      0.321    0.676
1536.0 1536.0 688.3   0.0   24576.0   2190.7   88576.0    56595.9   46080.0 42645.0 7168.0 6144.0    116    0.356   5      0.321    0.678
1536.0 1536.0 688.3   0.0   24576.0   3890.0   88576.0    56595.9   46080.0 42645.0 7168.0 6144.0    116    0.356   5      0.321    0.678
1536.0 1536.0 688.3   0.0   24576.0   5802.2   88576.0    56595.9   46080.0 42645.0 7168.0 6144.0    116    0.356   5      0.321    0.678
1536.0 1536.0 688.3   0.0   24576.0   7329.3   88576.0    56595.9   46080.0 42645.0 7168.0 6144.0    116    0.356   5      0.321    0.678
1536.0 1536.0 688.3   0.0   24576.0   8846.2   88576.0    56595.9   46080.0 42645.0 7168.0 6144.0    116    0.356   5      0.321    0.678
1536.0 1536.0 688.3   0.0   24576.0  10726.2   88576.0    56595.9   46080.0 42645.0 7168.0 6144.0    116    0.356   5      0.321    0.678
1536.0 1536.0 688.3   0.0   24576.0  12272.0   88576.0    56595.9   46080.0 42645.0 7168.0 6144.0    116    0.356   5      0.321    0.678
1536.0 1536.0 688.3   0.0   24576.0  13793.8   88576.0    56595.9   46080.0 42645.0 7168.0 6144.0    116    0.356   5      0.321    0.678
1536.0 1536.0 688.3   0.0   24576.0  15327.5   88576.0    56595.9   46080.0 42645.0 7168.0 6144.0    116    0.356   5      0.321    0.678
1536.0 1536.0 688.3   0.0   24576.0  16841.9   88576.0    56595.9   46080.0 42645.0 7168.0 6144.0    116    0.356   5      0.321    0.678
1536.0 1536.0 688.3   0.0   24576.0  18317.2   88576.0    56595.9   46080.0 42645.0 7168.0 6144.0    116    0.356   5      0.321    0.678
1536.0 1536.0 688.3   0.0   24576.0  20225.7   88576.0    56595.9   46080.0 42645.0 7168.0 6144.0    116    0.356   5      0.321    0.678
1536.0 1536.0 688.3   0.0   24576.0  21802.1   88576.0    56595.9   46080.0 42645.0 7168.0 6144.0    116    0.356   5      0.321    0.678
1536.0 1536.0 688.3   0.0   24576.0  23360.6   88576.0    56595.9   46080.0 42645.0 7168.0 6144.0    116    0.356   5      0.321    0.678
1536.0 1536.0  0.0   789.5  24576.0   684.3    88576.0    56643.9   46080.0 42645.0 7168.0 6144.0    117    0.359   5      0.321    0.681
1536.0 1536.0  0.0   789.5  24576.0   2062.3   88576.0    56643.9   46080.0 42645.0 7168.0 6144.0    117    0.359   5      0.321    0.681
1536.0 1536.0  0.0   789.5  24576.0   3621.1   88576.0    56643.9   46080.0 42645.0 7168.0 6144.0    117    0.359   5      0.321    0.681
1536.0 1536.0  0.0   789.5  24576.0   5561.7   88576.0    56643.9   46080.0 42645.0 7168.0 6144.0    117    0.359   5      0.321    0.681
1536.0 1536.0  0.0   789.5  24576.0   7097.9   88576.0    56643.9   46080.0 42645.0 7168.0 6144.0    117    0.359   5      0.321    0.681
1536.0 1536.0  0.0   789.5  24576.0   8917.8   88576.0    56643.9   46080.0 42645.0 7168.0 6144.0    117    0.359   5      0.321    0.681
1536.0 1536.0  0.0   789.5  24576.0  10526.1   88576.0    56643.9   46080.0 42645.0 7168.0 6144.0    117    0.359   5      0.321    0.681
1536.0 1536.0  0.0   789.5  24576.0  12333.7   88576.0    56643.9   46080.0 42645.0 7168.0 6144.0    117    0.359   5      0.321    0.681
1536.0 1536.0  0.0   789.5  24576.0  13871.7   88576.0    56643.9   46080.0 42645.0 7168.0 6144.0    117    0.359   5      0.321    0.681
1536.0 1536.0  0.0   789.5  24576.0  15403.3   88576.0    56643.9   46080.0 42645.0 7168.0 6144.0    117    0.359   5      0.321    0.681
1536.0 1536.0  0.0   789.5  24576.0  16908.1   88576.0    56643.9   46080.0 42645.0 7168.0 6144.0    117    0.359   5      0.321    0.681
1536.0 1536.0  0.0   789.5  24576.0  18751.4   88576.0    56643.9   46080.0 42645.0 7168.0 6144.0    117    0.359   5      0.321    0.681
1536.0 1536.0  0.0   789.5  24576.0  20289.2   88576.0    56643.9   46080.0 42645.0 7168.0 6144.0    117    0.359   5      0.321    0.681
1536.0 1536.0  0.0   789.5  24576.0  22147.9   88576.0    56643.9   46080.0 42645.0 7168.0 6144.0    117    0.359   5      0.321    0.681
1536.0 1536.0  0.0   789.5  24576.0  23731.4   88576.0    56643.9   46080.0 42645.0 7168.0 6144.0    117    0.359   5      0.321    0.681
1024.0 1024.0 773.1   0.0   24576.0   730.0    88576.0    56659.9   46080.0 42645.0 7168.0 6144.0    118    0.361   5      0.321    0.682
1024.0 1024.0 773.1   0.0   24576.0   2708.9   88576.0    56659.9   46080.0 42645.0 7168.0 6144.0    118    0.361   5      0.321    0.682
1024.0 1024.0 773.1   0.0   24576.0   4217.4   88576.0    56659.9   46080.0 42645.0 7168.0 6144.0    118    0.361   5      0.321    0.682
1024.0 1024.0 773.1   0.0   24576.0   6152.0   88576.0    56659.9   46080.0 42645.0 7168.0 6144.0    118    0.361   5      0.321    0.682
1024.0 1024.0 773.1   0.0   24576.0   7423.7   88576.0    56659.9   46080.0 42645.0 7168.0 6144.0    118    0.361   5      0.321    0.682
1024.0 1024.0 773.1   0.0   24576.0   8991.1   88576.0    56659.9   46080.0 42645.0 7168.0 6144.0    118    0.361   5      0.321    0.682
1024.0 1024.0 773.1   0.0   24576.0  10616.0   88576.0    56659.9   46080.0 42645.0 7168.0 6144.0    118    0.361   5      0.321    0.682
1024.0 1024.0 773.1   0.0   24576.0  12489.7   88576.0    56659.9   46080.0 42645.0 7168.0 6144.0    118    0.361   5      0.321    0.682
1024.0 1024.0 773.1   0.0   24576.0  13993.2   88576.0    56659.9   46080.0 42645.0 7168.0 6144.0    118    0.361   5      0.321    0.682
1024.0 1024.0 773.1   0.0   24576.0  15527.5   88576.0    56659.9   46080.0 42645.0 7168.0 6144.0    118    0.361   5      0.321    0.682
1024.0 1024.0 773.1   0.0   24576.0  17448.4   88576.0    56659.9   46080.0 42645.0 7168.0 6144.0    118    0.361   5      0.321    0.682
1024.0 1024.0 773.1   0.0   24576.0  18697.7   88576.0    56659.9   46080.0 42645.0 7168.0 6144.0    118    0.361   5      0.321    0.682
1024.0 1024.0 773.1   0.0   24576.0  20247.0   88576.0    56659.9   46080.0 42645.0 7168.0 6144.0    118    0.361   5      0.321    0.682
1024.0 1024.0 773.1   0.0   24576.0  22082.5   88576.0    56659.9   46080.0 42645.0 7168.0 6144.0    118    0.361   5      0.321    0.682
1024.0 1024.0 773.1   0.0   24576.0  23608.9   88576.0    56659.9   46080.0 42645.0 7168.0 6144.0    118    0.361   5      0.321    0.682
1536.0 1024.0  0.0   852.6  24576.0   687.1    88576.0    56675.9   46080.0 42645.4 7168.0 6144.0    119    0.364   5      0.321    0.685
1536.0 1024.0  0.0   852.6  24576.0   2397.0   88576.0    56675.9   46080.0 42645.4 7168.0 6144.0    119    0.364   5      0.321    0.685
1536.0 1024.0  0.0   852.6  24576.0   4231.7   88576.0    56675.9   46080.0 42645.4 7168.0 6144.0    119    0.364   5      0.321    0.685
1536.0 1024.0  0.0   852.6  24576.0   5799.9   88576.0    56675.9   46080.0 42645.4 7168.0 6144.0    119    0.364   5      0.321    0.685
1536.0 1024.0  0.0   852.6  24576.0   7298.6   88576.0    56675.9   46080.0 42645.4 7168.0 6144.0    119    0.364   5      0.321    0.685
1536.0 1024.0  0.0   852.6  24576.0   9162.6   88576.0    56675.9   46080.0 42645.4 7168.0 6144.0    119    0.364   5      0.321    0.685
1536.0 1024.0  0.0   852.6  24576.0  10702.5   88576.0    56675.9   46080.0 42645.4 7168.0 6144.0    119    0.364   5      0.321    0.685
1536.0 1024.0  0.0   852.6  24576.0  12271.3   88576.0    56675.9   46080.0 42645.4 7168.0 6144.0    119    0.364   5      0.321    0.685
1536.0 1024.0  0.0   852.6  24576.0  13807.1   88576.0    56675.9   46080.0 42645.4 7168.0 6144.0    119    0.364   5      0.321    0.685
1536.0 1024.0  0.0   852.6  24576.0  15357.4   88576.0    56675.9   46080.0 42645.4 7168.0 6144.0    119    0.364   5      0.321    0.685
1536.0 1024.0  0.0   852.6  24576.0  16931.9   88576.0    56675.9   46080.0 42645.4 7168.0 6144.0    119    0.364   5      0.321    0.685
1536.0 1024.0  0.0   852.6  24576.0  19151.7   88576.0    56675.9   46080.0 42645.4 7168.0 6144.0    119    0.364   5      0.321    0.685
1536.0 1024.0  0.0   852.6  24576.0  20769.0   88576.0    56675.9   46080.0 42645.4 7168.0 6144.0    119    0.364   5      0.321    0.685
1536.0 1024.0  0.0   852.6  24576.0  22295.6   88576.0    56675.9   46080.0 42645.4 7168.0 6144.0    119    0.364   5      0.321    0.685
1536.0 1024.0  0.0   852.6  24576.0  24146.1   88576.0    56675.9   46080.0 42645.4 7168.0 6144.0    119    0.364   5      0.321    0.685
1024.0 1024.0 713.8   0.0   24576.0   1165.2   88576.0    56723.9   46080.0 42645.9 7168.0 6144.0    120    0.366   5      0.321    0.687
1024.0 1024.0 713.8   0.0   24576.0   3042.4   88576.0    56723.9   46080.0 42645.9 7168.0 6144.0    120    0.366   5      0.321    0.687
1024.0 1024.0 713.8   0.0   24576.0   4608.5   88576.0    56723.9   46080.0 42645.9 7168.0 6144.0    120    0.366   5      0.321    0.687
1024.0 1024.0 713.8   0.0   24576.0   6261.9   88576.0    56723.9   46080.0 42645.9 7168.0 6144.0    120    0.366   5      0.321    0.687
1024.0 1024.0 713.8   0.0   24576.0   8176.1   88576.0    56723.9   46080.0 42645.9 7168.0 6144.0    120    0.366   5      0.321    0.687
1024.0 1024.0 713.8   0.0   24576.0   9700.7   88576.0    56723.9   46080.0 42645.9 7168.0 6144.0    120    0.366   5      0.321    0.687
1024.0 1024.0 713.8   0.0   24576.0  11294.5   88576.0    56723.9   46080.0 42645.9 7168.0 6144.0    120    0.366   5      0.321    0.687
1024.0 1024.0 713.8   0.0   24576.0  13100.7   88576.0    56723.9   46080.0 42645.9 7168.0 6144.0    120    0.366   5      0.321    0.687
1024.0 1024.0 713.8   0.0   24576.0  14640.3   88576.0    56723.9   46080.0 42645.9 7168.0 6144.0    120    0.366   5      0.321    0.687
1024.0 1024.0 713.8   0.0   24576.0  16131.4   88576.0    56723.9   46080.0 42645.9 7168.0 6144.0    120    0.366   5      0.321    0.687
1024.0 1024.0 713.8   0.0   24576.0  17688.3   88576.0    56723.9   46080.0 42645.9 7168.0 6144.0    120    0.366   5      0.321    0.687
1024.0 1024.0 713.8   0.0   24576.0  19138.9   88576.0    56723.9   46080.0 42645.9 7168.0 6144.0    120    0.366   5      0.321    0.687
1024.0 1024.0 713.8   0.0   24576.0  20672.6   88576.0    56723.9   46080.0 42645.9 7168.0 6144.0    120    0.366   5      0.321    0.687
1024.0 1024.0 713.8   0.0   24576.0  22204.7   88576.0    56723.9   46080.0 42645.9 7168.0 6144.0    120    0.366   5      0.321    0.687
1024.0 1024.0 713.8   0.0   24576.0  24087.8   88576.0    56723.9   46080.0 42645.9 7168.0 6144.0    120    0.366   5      0.321    0.687
512.0  1024.0  0.0   762.6  24576.0   1182.1   88576.0    56779.9   46080.0 42648.8 7168.0 6144.0    121    0.368   5      0.321    0.690
512.0  1024.0  0.0   762.6  24576.0   2815.3   88576.0    56779.9   46080.0 42648.8 7168.0 6144.0    121    0.368   5      0.321    0.690
512.0  1024.0  0.0   762.6  24576.0   4578.5   88576.0    56779.9   46080.0 42648.8 7168.0 6144.0    121    0.368   5      0.321    0.690
512.0  1024.0  0.0   762.6  24576.0   6135.5   88576.0    56779.9   46080.0 42648.8 7168.0 6144.0    121    0.368   5      0.321    0.690
512.0  1024.0  0.0   762.6  24576.0   7643.6   88576.0    56779.9   46080.0 42648.8 7168.0 6144.0    121    0.368   5      0.321    0.690
512.0  1024.0  0.0   762.6  24576.0   9163.6   88576.0    56779.9   46080.0 42648.8 7168.0 6144.0    121    0.368   5      0.321    0.690
512.0  1024.0  0.0   762.6  24576.0  10724.3   88576.0    56779.9   46080.0 42648.8 7168.0 6144.0    121    0.368   5      0.321    0.690
512.0  1024.0  0.0   762.6  24576.0  12591.2   88576.0    56779.9   46080.0 42648.8 7168.0 6144.0    121    0.368   5      0.321    0.690
512.0  1024.0  0.0   762.6  24576.0  14101.5   88576.0    56779.9   46080.0 42648.8 7168.0 6144.0    121    0.368   5      0.321    0.690
512.0  1024.0  0.0   762.6  24576.0  15743.6   88576.0    56779.9   46080.0 42648.8 7168.0 6144.0    121    0.368   5      0.321    0.690
512.0  1024.0  0.0   762.6  24576.0  17331.8   88576.0    56779.9   46080.0 42648.8 7168.0 6144.0    121    0.368   5      0.321    0.690
512.0  1024.0  0.0   762.6  24576.0  18767.8   88576.0    56779.9   46080.0 42648.8 7168.0 6144.0    121    0.368   5      0.321    0.690
512.0  1024.0  0.0   762.6  24576.0  20464.3   88576.0    56779.9   46080.0 42648.8 7168.0 6144.0    121    0.368   5      0.321    0.690
512.0  1024.0  0.0   762.6  24576.0  22075.3   88576.0    56779.9   46080.0 42648.8 7168.0 6144.0    121    0.368   5      0.321    0.690
512.0  1024.0  0.0   762.6  24576.0  23625.1   88576.0    56779.9   46080.0 42648.8 7168.0 6144.0    121    0.368   5      0.321    0.690
512.0  1024.0 506.6   0.0   24576.0   662.3    88576.0    56955.9   46080.0 42649.4 7168.0 6144.0    122    0.372   5      0.321    0.693
512.0  1024.0 506.6   0.0   24576.0   2717.1   88576.0    56955.9   46080.0 42649.4 7168.0 6144.0    122    0.372   5      0.321    0.693
512.0  1024.0 506.6   0.0   24576.0   4255.7   88576.0    56955.9   46080.0 42649.4 7168.0 6144.0    122    0.372   5      0.321    0.693
512.0  1024.0 506.6   0.0   24576.0   5860.8   88576.0    56955.9   46080.0 42649.4 7168.0 6144.0    122    0.372   5      0.321    0.693
512.0  1024.0 506.6   0.0   24576.0   7359.1   88576.0    56955.9   46080.0 42649.4 7168.0 6144.0    122    0.372   5      0.321    0.693
512.0  1024.0 506.6   0.0   24576.0   9275.0   88576.0    56955.9   46080.0 42649.4 7168.0 6144.0    122    0.372   5      0.321    0.693
512.0  1024.0 506.6   0.0   24576.0  10635.9   88576.0    56955.9   46080.0 42649.4 7168.0 6144.0    122    0.372   5      0.321    0.693
512.0  1024.0 506.6   0.0   24576.0  12118.6   88576.0    56955.9   46080.0 42649.4 7168.0 6144.0    122    0.372   5      0.321    0.693
512.0  1024.0 506.6   0.0   24576.0  13937.5   88576.0    56955.9   46080.0 42649.4 7168.0 6144.0    122    0.372   5      0.321    0.693
512.0  1024.0 506.6   0.0   24576.0  15517.4   88576.0    56955.9   46080.0 42649.4 7168.0 6144.0    122    0.372   5      0.321    0.693
512.0  1024.0 506.6   0.0   24576.0  17407.7   88576.0    56955.9   46080.0 42649.4 7168.0 6144.0    122    0.372   5      0.321    0.693
512.0  1024.0 506.6   0.0   24576.0  18950.4   88576.0    56955.9   46080.0 42649.4 7168.0 6144.0    122    0.372   5      0.321    0.693
512.0  1024.0 506.6   0.0   24576.0  20939.1   88576.0    56955.9   46080.0 42649.4 7168.0 6144.0    122    0.372   5      0.321    0.693
512.0  1024.0 506.6   0.0   24576.0  22447.9   88576.0    56955.9   46080.0 42649.4 7168.0 6144.0    122    0.372   5      0.321    0.693
512.0  1024.0 506.6   0.0   24576.0  24036.4   88576.0    56955.9   46080.0 42649.4 7168.0 6144.0    122    0.372   5      0.321    0.693
1024.0 1024.0  0.0   696.9  24576.0   1025.7   88576.0    56995.9   46080.0 42649.4 7168.0 6144.0    123    0.374   5      0.321    0.695
1024.0 1024.0  0.0   696.9  24576.0   2955.2   88576.0    56995.9   46080.0 42649.4 7168.0 6144.0    123    0.374   5      0.321    0.695
1024.0 1024.0  0.0   696.9  24576.0   4558.0   88576.0    56995.9   46080.0 42649.4 7168.0 6144.0    123    0.374   5      0.321    0.695
1024.0 1024.0  0.0   696.9  24576.0   6260.6   88576.0    56995.9   46080.0 42649.4 7168.0 6144.0    123    0.374   5      0.321    0.695
1024.0 1024.0  0.0   696.9  24576.0   7886.0   88576.0    56995.9   46080.0 42649.4 7168.0 6144.0    123    0.374   5      0.321    0.695
1024.0 1024.0  0.0   696.9  24576.0   9422.6   88576.0    56995.9   46080.0 42649.4 7168.0 6144.0    123    0.374   5      0.321    0.695
1024.0 1024.0  0.0   696.9  24576.0  11329.5   88576.0    56995.9   46080.0 42649.4 7168.0 6144.0    123    0.374   5      0.321    0.695
1024.0 1024.0  0.0   696.9  24576.0  12915.1   88576.0    56995.9   46080.0 42649.4 7168.0 6144.0    123    0.374   5      0.321    0.695
1024.0 1024.0  0.0   696.9  24576.0  14417.8   88576.0    56995.9   46080.0 42649.4 7168.0 6144.0    123    0.374   5      0.321    0.695
1024.0 1024.0  0.0   696.9  24576.0  15964.7   88576.0    56995.9   46080.0 42649.4 7168.0 6144.0    123    0.374   5      0.321    0.695
1024.0 1024.0  0.0   696.9  24576.0  17500.0   88576.0    56995.9   46080.0 42649.4 7168.0 6144.0    123    0.374   5      0.321    0.695
1024.0 1024.0  0.0   696.9  24576.0  19025.4   88576.0    56995.9   46080.0 42649.4 7168.0 6144.0    123    0.374   5      0.321    0.695
1024.0 1024.0  0.0   696.9  24576.0  20701.5   88576.0    56995.9   46080.0 42649.4 7168.0 6144.0    123    0.374   5      0.321    0.695
1024.0 1024.0  0.0   696.9  24576.0  22605.9   88576.0    56995.9   46080.0 42649.4 7168.0 6144.0    123    0.374   5      0.321    0.695
1024.0 1024.0  0.0   696.9  24576.0  24128.6   88576.0    56995.9   46080.0 42649.4 7168.0 6144.0    123    0.374   5      0.321    0.695
1024.0 1024.0 639.6   0.0   24576.0   1097.6   88576.0    56995.9   46080.0 42649.4 7168.0 6144.0    124    0.376   5      0.321    0.697
1024.0 1024.0 639.6   0.0   24576.0   3016.7   88576.0    56995.9   46080.0 42649.4 7168.0 6144.0    124    0.376   5      0.321    0.697
1024.0 1024.0 639.6   0.0   24576.0   4563.4   88576.0    56995.9   46080.0 42649.4 7168.0 6144.0    124    0.376   5      0.321    0.697
1024.0 1024.0 639.6   0.0   24576.0   6139.4   88576.0    56995.9   46080.0 42649.4 7168.0 6144.0    124    0.376   5      0.321    0.697
1024.0 1024.0 639.6   0.0   24576.0   7717.0   88576.0    56995.9   46080.0 42649.4 7168.0 6144.0    124    0.376   5      0.321    0.697
1024.0 1024.0 639.6   0.0   24576.0   9289.4   88576.0    56995.9   46080.0 42649.4 7168.0 6144.0    124    0.376   5      0.321    0.697
1024.0 1024.0 639.6   0.0   24576.0  10925.8   88576.0    56995.9   46080.0 42649.4 7168.0 6144.0    124    0.376   5      0.321    0.697
1024.0 1024.0 639.6   0.0   24576.0  12459.7   88576.0    56995.9   46080.0 42649.4 7168.0 6144.0    124    0.376   5      0.321    0.697
1024.0 1024.0 639.6   0.0   24576.0  14318.3   88576.0    56995.9   46080.0 42649.4 7168.0 6144.0    124    0.376   5      0.321    0.697
1024.0 1024.0 639.6   0.0   24576.0  15869.2   88576.0    56995.9   46080.0 42649.4 7168.0 6144.0    124    0.376   5      0.321    0.697
1024.0 1024.0 639.6   0.0   24576.0  17423.9   88576.0    56995.9   46080.0 42649.4 7168.0 6144.0    124    0.376   5      0.321    0.697
1024.0 1024.0 639.6   0.0   24576.0  18925.2   88576.0    56995.9   46080.0 42649.4 7168.0 6144.0    124    0.376   5      0.321    0.697
1024.0 1024.0 639.6   0.0   24576.0  20587.7   88576.0    56995.9   46080.0 42649.4 7168.0 6144.0    124    0.376   5      0.321    0.697
1024.0 1024.0 639.6   0.0   24576.0  22485.0   88576.0    56995.9   46080.0 42649.4 7168.0 6144.0    124    0.376   5      0.321    0.697
1024.0 1024.0 639.6   0.0   24576.0  23999.2   88576.0    56995.9   46080.0 42649.4 7168.0 6144.0    124    0.376   5      0.321    0.697
1024.0 1024.0  0.0   701.2  24576.0   995.3    88576.0    57035.9   46080.0 42649.4 7168.0 6144.0    125    0.377   5      0.321    0.698
1024.0 1024.0  0.0   701.2  24576.0   2758.7   88576.0    57035.9   46080.0 42649.4 7168.0 6144.0    125    0.377   5      0.321    0.698
1024.0 1024.0  0.0   701.2  24576.0   4596.0   88576.0    57035.9   46080.0 42649.4 7168.0 6144.0    125    0.377   5      0.321    0.698
1024.0 1024.0  0.0   701.2  24576.0   6116.4   88576.0    57035.9   46080.0 42649.4 7168.0 6144.0    125    0.377   5      0.321    0.698
1024.0 1024.0  0.0   701.2  24576.0   7988.5   88576.0    57035.9   46080.0 42649.4 7168.0 6144.0    125    0.377   5      0.321    0.698
1024.0 1024.0  0.0   701.2  24576.0   9832.7   88576.0    57035.9   46080.0 42649.4 7168.0 6144.0    125    0.377   5      0.321    0.698
1024.0 1024.0  0.0   701.2  24576.0  11394.6   88576.0    57035.9   46080.0 42649.4 7168.0 6144.0    125    0.377   5      0.321    0.698
1024.0 1024.0  0.0   701.2  24576.0  12933.1   88576.0    57035.9   46080.0 42649.4 7168.0 6144.0    125    0.377   5      0.321    0.698
1024.0 1024.0  0.0   701.2  24576.0  14581.2   88576.0    57035.9   46080.0 42649.4 7168.0 6144.0    125    0.377   5      0.321    0.698
1024.0 1024.0  0.0   701.2  24576.0  16229.4   88576.0    57035.9   46080.0 42649.4 7168.0 6144.0    125    0.377   5      0.321    0.698
1024.0 1024.0  0.0   701.2  24576.0  17764.0   88576.0    57035.9   46080.0 42649.4 7168.0 6144.0    125    0.377   5      0.321    0.698
1024.0 1024.0  0.0   701.2  24576.0  19602.5   88576.0    57035.9   46080.0 42649.4 7168.0 6144.0    125    0.377   5      0.321    0.698
1024.0 1024.0  0.0   701.2  24576.0  21465.8   88576.0    57035.9   46080.0 42649.4 7168.0 6144.0    125    0.377   5      0.321    0.698
1024.0 1024.0  0.0   701.2  24576.0  23027.2   88576.0    57035.9   46080.0 42649.4 7168.0 6144.0    125    0.377   5      0.321    0.698
1024.0 1024.0  0.0   701.2  24576.0  24501.3   88576.0    57035.9   46080.0 42649.4 7168.0 6144.0    125    0.377   5      0.321    0.698
1024.0 1024.0 750.4   0.0   24576.0   1899.8   88576.0    57099.9   46080.0 42649.4 7168.0 6144.0    126    0.381   5      0.321    0.702
1024.0 1024.0 750.4   0.0   24576.0   3518.3   88576.0    57099.9   46080.0 42649.4 7168.0 6144.0    126    0.381   5      0.321    0.702
1024.0 1024.0 750.4   0.0   24576.0   5132.5   88576.0    57099.9   46080.0 42649.4 7168.0 6144.0    126    0.381   5      0.321    0.702
1024.0 1024.0 750.4   0.0   24576.0   6808.0   88576.0    57099.9   46080.0 42649.4 7168.0 6144.0    126    0.381   5      0.321    0.702
1024.0 1024.0 750.4   0.0   24576.0   8404.2   88576.0    57099.9   46080.0 42649.4 7168.0 6144.0    126    0.381   5      0.321    0.702
1024.0 1024.0 750.4   0.0   24576.0   9960.2   88576.0    57099.9   46080.0 42649.4 7168.0 6144.0    126    0.381   5      0.321    0.702
1024.0 1024.0 750.4   0.0   24576.0  11965.8   88576.0    57099.9   46080.0 42649.4 7168.0 6144.0    126    0.381   5      0.321    0.702
1024.0 1024.0 750.4   0.0   24576.0  13644.2   88576.0    57099.9   46080.0 42649.4 7168.0 6144.0    126    0.381   5      0.321    0.702
1024.0 1024.0 750.4   0.0   24576.0  15174.9   88576.0    57099.9   46080.0 42649.4 7168.0 6144.0    126    0.381   5      0.321    0.702
1024.0 1024.0 750.4   0.0   24576.0  17011.1   88576.0    57099.9   46080.0 42649.4 7168.0 6144.0    126    0.381   5      0.321    0.702
1024.0 1024.0 750.4   0.0   24576.0  18605.4   88576.0    57099.9   46080.0 42649.4 7168.0 6144.0    126    0.381   5      0.321    0.702
1024.0 1024.0 750.4   0.0   24576.0  20199.1   88576.0    57099.9   46080.0 42649.4 7168.0 6144.0    126    0.381   5      0.321    0.702
1024.0 1024.0 750.4   0.0   24576.0  22085.4   88576.0    57099.9   46080.0 42649.4 7168.0 6144.0    126    0.381   5      0.321    0.702
1024.0 1024.0 750.4   0.0   24576.0  23637.0   88576.0    57099.9   46080.0 42649.4 7168.0 6144.0    126    0.381   5      0.321    0.702
1024.0 1024.0  0.0   673.5  24576.0   717.9    88576.0    57147.9   46080.0 42649.4 7168.0 6144.0    127    0.383   5      0.321    0.704
1024.0 1024.0  0.0   673.5  24576.0   2408.0   88576.0    57147.9   46080.0 42649.4 7168.0 6144.0    127    0.383   5      0.321    0.704
1024.0 1024.0  0.0   673.5  24576.0   3984.9   88576.0    57147.9   46080.0 42649.4 7168.0 6144.0    127    0.383   5      0.321    0.704
1024.0 1024.0  0.0   673.5  24576.0   5508.8   88576.0    57147.9   46080.0 42649.4 7168.0 6144.0    127    0.383   5      0.321    0.704
1024.0 1024.0  0.0   673.5  24576.0   7453.0   88576.0    57147.9   46080.0 42649.4 7168.0 6144.0    127    0.383   5      0.321    0.704
1024.0 1024.0  0.0   673.5  24576.0   8980.3   88576.0    57147.9   46080.0 42649.4 7168.0 6144.0    127    0.383   5      0.321    0.704
1024.0 1024.0  0.0   673.5  24576.0  10555.2   88576.0    57147.9   46080.0 42649.4 7168.0 6144.0    127    0.383   5      0.321    0.704
1024.0 1024.0  0.0   673.5  24576.0  12182.3   88576.0    57147.9   46080.0 42649.4 7168.0 6144.0    127    0.383   5      0.321    0.704
1024.0 1024.0  0.0   673.5  24576.0  13706.7   88576.0    57147.9   46080.0 42649.4 7168.0 6144.0    127    0.383   5      0.321    0.704
1024.0 1024.0  0.0   673.5  24576.0  15223.4   88576.0    57147.9   46080.0 42649.4 7168.0 6144.0    127    0.383   5      0.321    0.704
1024.0 1024.0  0.0   673.5  24576.0  17204.4   88576.0    57147.9   46080.0 42649.4 7168.0 6144.0    127    0.383   5      0.321    0.704
1024.0 1024.0  0.0   673.5  24576.0  18900.4   88576.0    57147.9   46080.0 42649.4 7168.0 6144.0    127    0.383   5      0.321    0.704
1024.0 1024.0  0.0   673.5  24576.0  20487.9   88576.0    57147.9   46080.0 42649.4 7168.0 6144.0    127    0.383   5      0.321    0.704
1024.0 1024.0  0.0   673.5  24576.0  22063.6   88576.0    57147.9   46080.0 42649.4 7168.0 6144.0    127    0.383   5      0.321    0.704
1024.0 1024.0  0.0   673.5  24576.0  23555.7   88576.0    57147.9   46080.0 42649.4 7168.0 6144.0    127    0.383   5      0.321    0.704
1024.0 1024.0 659.1   0.0   24576.0   811.4    88576.0    57163.9   46080.0 42649.4 7168.0 6144.0    128    0.385   5      0.321    0.706
1024.0 1024.0 659.1   0.0   24576.0   2880.7   88576.0    57163.9   46080.0 42649.4 7168.0 6144.0    128    0.385   5      0.321    0.706
1024.0 1024.0 659.1   0.0   24576.0   4803.3   88576.0    57163.9   46080.0 42649.4 7168.0 6144.0    128    0.385   5      0.321    0.706
1024.0 1024.0 659.1   0.0   24576.0   6658.2   88576.0    57163.9   46080.0 42649.4 7168.0 6144.0    128    0.385   5      0.321    0.706
1024.0 1024.0 659.1   0.0   24576.0   8230.2   88576.0    57163.9   46080.0 42649.4 7168.0 6144.0    128    0.385   5      0.321    0.706
1024.0 1024.0 659.1   0.0   24576.0  10501.9   88576.0    57163.9   46080.0 42649.4 7168.0 6144.0    128    0.385   5      0.321    0.706
1024.0 1024.0 659.1   0.0   24576.0  12097.5   88576.0    57163.9   46080.0 42649.4 7168.0 6144.0    128    0.385   5      0.321    0.706
1024.0 1024.0 659.1   0.0   24576.0  13998.5   88576.0    57163.9   46080.0 42649.4 7168.0 6144.0    128    0.385   5      0.321    0.706
1024.0 1024.0 659.1   0.0   24576.0  16090.8   88576.0    57163.9   46080.0 42649.4 7168.0 6144.0    128    0.385   5      0.321    0.706
1024.0 1024.0 659.1   0.0   24576.0  17907.2   88576.0    57163.9   46080.0 42649.4 7168.0 6144.0    128    0.385   5      0.321    0.706
1024.0 1024.0 659.1   0.0   24576.0  20164.7   88576.0    57163.9   46080.0 42649.4 7168.0 6144.0    128    0.385   5      0.321    0.706
1024.0 1024.0 659.1   0.0   24576.0  21741.8   88576.0    57163.9   46080.0 42649.4 7168.0 6144.0    128    0.385   5      0.321    0.706
1024.0 1024.0 659.1   0.0   24576.0  23592.6   88576.0    57163.9   46080.0 42649.4 7168.0 6144.0    128    0.385   5      0.321    0.706
1024.0 1024.0  0.0   627.1  24576.0   759.4    88576.0    57291.9   46080.0 42653.0 7168.0 6144.0    129    0.387   5      0.321    0.708
1024.0 1024.0  0.0   627.1  24576.0   2911.5   88576.0    57291.9   46080.0 42653.0 7168.0 6144.0    129    0.387   5      0.321    0.708
1024.0 1024.0  0.0   627.1  24576.0   4770.5   88576.0    57291.9   46080.0 42653.0 7168.0 6144.0    129    0.387   5      0.321    0.708
1024.0 1024.0  0.0   627.1  24576.0   6694.9   88576.0    57291.9   46080.0 42653.0 7168.0 6144.0    129    0.387   5      0.321    0.708
1024.0 1024.0  0.0   627.1  24576.0   8561.1   88576.0    57291.9   46080.0 42653.0 7168.0 6144.0    129    0.387   5      0.321    0.708
1024.0 1024.0  0.0   627.1  24576.0  10416.7   88576.0    57291.9   46080.0 42653.0 7168.0 6144.0    129    0.387   5      0.321    0.708
1024.0 1024.0  0.0   627.1  24576.0  12359.3   88576.0    57291.9   46080.0 42653.0 7168.0 6144.0    129    0.387   5      0.321    0.708
1024.0 1024.0  0.0   627.1  24576.0  13913.2   88576.0    57291.9   46080.0 42653.0 7168.0 6144.0    129    0.387   5      0.321    0.708
1024.0 1024.0  0.0   627.1  24576.0  15852.2   88576.0    57291.9   46080.0 42653.0 7168.0 6144.0    129    0.387   5      0.321    0.708
1024.0 1024.0  0.0   627.1  24576.0  17576.4   88576.0    57291.9   46080.0 42653.0 7168.0 6144.0    129    0.387   5      0.321    0.708
1024.0 1024.0  0.0   627.1  24576.0  19288.7   88576.0    57291.9   46080.0 42653.0 7168.0 6144.0    129    0.387   5      0.321    0.708
1024.0 1024.0  0.0   627.1  24576.0  21498.6   88576.0    57291.9   46080.0 42653.0 7168.0 6144.0    129    0.387   5      0.321    0.708
1024.0 1024.0  0.0   627.1  24576.0  23405.7   88576.0    57291.9   46080.0 42653.0 7168.0 6144.0    129    0.387   5      0.321    0.708
1024.0 1024.0 717.5   0.0   24576.0   710.7    88576.0    57339.9   46080.0 42655.4 7168.0 6144.0    130    0.389   5      0.321    0.711
1024.0 1024.0 717.5   0.0   24576.0   3116.8   88576.0    57339.9   46080.0 42655.4 7168.0 6144.0    130    0.389   5      0.321    0.711
1024.0 1024.0 717.5   0.0   24576.0   4769.0   88576.0    57339.9   46080.0 42655.4 7168.0 6144.0    130    0.389   5      0.321    0.711
1024.0 1024.0 717.5   0.0   24576.0   6743.0   88576.0    57339.9   46080.0 42655.4 7168.0 6144.0    130    0.389   5      0.321    0.711
1024.0 1024.0 717.5   0.0   24576.0   8615.6   88576.0    57339.9   46080.0 42655.4 7168.0 6144.0    130    0.389   5      0.321    0.711
1024.0 1024.0 717.5   0.0   24576.0  10560.6   88576.0    57339.9   46080.0 42655.4 7168.0 6144.0    130    0.389   5      0.321    0.711
1024.0 1024.0 717.5   0.0   24576.0  12784.5   88576.0    57339.9   46080.0 42655.4 7168.0 6144.0    130    0.389   5      0.321    0.711
1024.0 1024.0 717.5   0.0   24576.0  14666.4   88576.0    57339.9   46080.0 42655.4 7168.0 6144.0    130    0.389   5      0.321    0.711
1024.0 1024.0 717.5   0.0   24576.0  16435.7   88576.0    57339.9   46080.0 42655.4 7168.0 6144.0    130    0.389   5      0.321    0.711
1024.0 1024.0 717.5   0.0   24576.0  18054.2   88576.0    57339.9   46080.0 42655.4 7168.0 6144.0    130    0.389   5      0.321    0.711
1024.0 1024.0 717.5   0.0   24576.0  19961.0   88576.0    57339.9   46080.0 42655.4 7168.0 6144.0    130    0.389   5      0.321    0.711
1024.0 1024.0 717.5   0.0   24576.0  22227.1   88576.0    57339.9   46080.0 42655.4 7168.0 6144.0    130    0.389   5      0.321    0.711
1024.0 1024.0 717.5   0.0   24576.0  23902.8   88576.0    57339.9   46080.0 42655.4 7168.0 6144.0    130    0.389   5      0.321    0.711
1024.0 1024.0  0.0   723.8  24576.0   1150.9   88576.0    57355.9   46080.0 42655.4 7168.0 6144.0    131    0.391   5      0.321    0.712
1024.0 1024.0  0.0   723.8  24576.0   3279.4   88576.0    57355.9   46080.0 42655.4 7168.0 6144.0    131    0.391   5      0.321    0.712
1024.0 1024.0  0.0   723.8  24576.0   5282.1   88576.0    57355.9   46080.0 42655.4 7168.0 6144.0    131    0.391   5      0.321    0.712
1024.0 1024.0  0.0   723.8  24576.0   7230.7   88576.0    57355.9   46080.0 42655.4 7168.0 6144.0    131    0.391   5      0.321    0.712
1024.0 1024.0  0.0   723.8  24576.0   8898.7   88576.0    57355.9   46080.0 42655.4 7168.0 6144.0    131    0.391   5      0.321    0.712
1024.0 1024.0  0.0   723.8  24576.0  10842.2   88576.0    57355.9   46080.0 42655.4 7168.0 6144.0    131    0.391   5      0.321    0.712
1024.0 1024.0  0.0   723.8  24576.0  12481.9   88576.0    57355.9   46080.0 42655.4 7168.0 6144.0    131    0.391   5      0.321    0.712
1024.0 1024.0  0.0   723.8  24576.0  14203.5   88576.0    57355.9   46080.0 42655.4 7168.0 6144.0    131    0.391   5      0.321    0.712
1024.0 1024.0  0.0   723.8  24576.0  16166.3   88576.0    57355.9   46080.0 42655.4 7168.0 6144.0    131    0.391   5      0.321    0.712
1024.0 1024.0  0.0   723.8  24576.0  17688.9   88576.0    57355.9   46080.0 42655.4 7168.0 6144.0    131    0.391   5      0.321    0.712
1024.0 1024.0  0.0   723.8  24576.0  19671.7   88576.0    57355.9   46080.0 42655.4 7168.0 6144.0    131    0.391   5      0.321    0.712
1024.0 1024.0  0.0   723.8  24576.0  21717.1   88576.0    57355.9   46080.0 42655.4 7168.0 6144.0    131    0.391   5      0.321    0.712
1024.0 1024.0  0.0   723.8  24576.0  23591.7   88576.0    57355.9   46080.0 42655.4 7168.0 6144.0    131    0.391   5      0.321    0.712
1024.0 1024.0 617.8   0.0   24576.0   724.2    88576.0    57395.9   46080.0 42655.4 7168.0 6144.0    132    0.394   5      0.321    0.715
1024.0 1024.0 617.8   0.0   24576.0   2425.0   88576.0    57395.9   46080.0 42655.4 7168.0 6144.0    132    0.394   5      0.321    0.715
1024.0 1024.0 617.8   0.0   24576.0   4057.2   88576.0    57395.9   46080.0 42655.4 7168.0 6144.0    132    0.394   5      0.321    0.715
1024.0 1024.0 617.8   0.0   24576.0   5703.9   88576.0    57395.9   46080.0 42655.4 7168.0 6144.0    132    0.394   5      0.321    0.715
1024.0 1024.0 617.8   0.0   24576.0   7291.0   88576.0    57395.9   46080.0 42655.4 7168.0 6144.0    132    0.394   5      0.321    0.715
1024.0 1024.0 617.8   0.0   24576.0   8930.2   88576.0    57395.9   46080.0 42655.4 7168.0 6144.0    132    0.394   5      0.321    0.715
1024.0 1024.0 617.8   0.0   24576.0  10590.9   88576.0    57395.9   46080.0 42655.4 7168.0 6144.0    132    0.394   5      0.321    0.715
1024.0 1024.0 617.8   0.0   24576.0  12261.9   88576.0    57395.9   46080.0 42655.4 7168.0 6144.0    132    0.394   5      0.321    0.715
1024.0 1024.0 617.8   0.0   24576.0  13928.0   88576.0    57395.9   46080.0 42655.4 7168.0 6144.0    132    0.394   5      0.321    0.715
1024.0 1024.0 617.8   0.0   24576.0  15891.5   88576.0    57395.9   46080.0 42655.4 7168.0 6144.0    132    0.394   5      0.321    0.715
1024.0 1024.0 617.8   0.0   24576.0  17500.8   88576.0    57395.9   46080.0 42655.4 7168.0 6144.0    132    0.394   5      0.321    0.715
1024.0 1024.0 617.8   0.0   24576.0  19119.9   88576.0    57395.9   46080.0 42655.4 7168.0 6144.0    132    0.394   5      0.321    0.715
1024.0 1024.0 617.8   0.0   24576.0  21187.6   88576.0    57395.9   46080.0 42655.4 7168.0 6144.0    132    0.394   5      0.321    0.715
1024.0 1024.0 617.8   0.0   24576.0  23098.3   88576.0    57395.9   46080.0 42655.4 7168.0 6144.0    132    0.394   5      0.321    0.715
1024.0 1024.0  0.0   631.8  24576.0   391.6    88576.0    57459.9   46080.0 42655.4 7168.0 6144.0    133    0.400   5      0.321    0.721
1024.0 1024.0  0.0   631.8  24576.0   2158.7   88576.0    57459.9   46080.0 42655.4 7168.0 6144.0    133    0.400   5      0.321    0.721
1024.0 1024.0  0.0   631.8  24576.0   3787.8   88576.0    57459.9   46080.0 42655.4 7168.0 6144.0    133    0.400   5      0.321    0.721
1024.0 1024.0  0.0   631.8  24576.0   5460.6   88576.0    57459.9   46080.0 42655.4 7168.0 6144.0    133    0.400   5      0.321    0.721
1024.0 1024.0  0.0   631.8  24576.0   7710.5   88576.0    57459.9   46080.0 42655.4 7168.0 6144.0    133    0.400   5      0.321    0.721
1024.0 1024.0  0.0   631.8  24576.0   9377.9   88576.0    57459.9   46080.0 42655.4 7168.0 6144.0    133    0.400   5      0.321    0.721
1024.0 1024.0  0.0   631.8  24576.0  10999.9   88576.0    57459.9   46080.0 42655.4 7168.0 6144.0    133    0.400   5      0.321    0.721
1024.0 1024.0  0.0   631.8  24576.0  12654.2   88576.0    57459.9   46080.0 42655.4 7168.0 6144.0    133    0.400   5      0.321    0.721
1024.0 1024.0  0.0   631.8  24576.0  14698.4   88576.0    57459.9   46080.0 42655.4 7168.0 6144.0    133    0.400   5      0.321    0.721
1024.0 1024.0  0.0   631.8  24576.0  16425.0   88576.0    57459.9   46080.0 42655.4 7168.0 6144.0    133    0.400   5      0.321    0.721
1024.0 1024.0  0.0   631.8  24576.0  18057.5   88576.0    57459.9   46080.0 42655.4 7168.0 6144.0    133    0.400   5      0.321    0.721
1024.0 1024.0  0.0   631.8  24576.0  20335.5   88576.0    57459.9   46080.0 42655.4 7168.0 6144.0    133    0.400   5      0.321    0.721
1024.0 1024.0  0.0   631.8  24576.0  22347.0   88576.0    57459.9   46080.0 42655.4 7168.0 6144.0    133    0.400   5      0.321    0.721
1024.0 1024.0  0.0   631.8  24576.0  24576.0   88576.0    57459.9   46080.0 42655.4 7168.0 6144.0    133    0.400   5      0.321    0.721
1024.0 1024.0 572.5   0.0   24576.0   1679.1   88576.0    57475.9   46080.0 42655.4 7168.0 6144.0    134    0.402   5      0.321    0.724
1024.0 1024.0 572.5   0.0   24576.0   3615.4   88576.0    57475.9   46080.0 42655.4 7168.0 6144.0    134    0.402   5      0.321    0.724
1024.0 1024.0 572.5   0.0   24576.0   5165.4   88576.0    57475.9   46080.0 42655.4 7168.0 6144.0    134    0.402   5      0.321    0.724
1024.0 1024.0 572.5   0.0   24576.0   6748.5   88576.0    57475.9   46080.0 42655.4 7168.0 6144.0    134    0.402   5      0.321    0.724
1024.0 1024.0 572.5   0.0   24576.0   8413.0   88576.0    57475.9   46080.0 42655.4 7168.0 6144.0    134    0.402   5      0.321    0.724
1024.0 1024.0 572.5   0.0   24576.0  10397.1   88576.0    57475.9   46080.0 42655.4 7168.0 6144.0    134    0.402   5      0.321    0.724
1024.0 1024.0 572.5   0.0   24576.0  11984.8   88576.0    57475.9   46080.0 42655.4 7168.0 6144.0    134    0.402   5      0.321    0.724
1024.0 1024.0 572.5   0.0   24576.0  14054.1   88576.0    57475.9   46080.0 42655.4 7168.0 6144.0    134    0.402   5      0.321    0.724
1024.0 1024.0 572.5   0.0   24576.0  15656.9   88576.0    57475.9   46080.0 42655.4 7168.0 6144.0    134    0.402   5      0.321    0.724
1024.0 1024.0 572.5   0.0   24576.0  17302.2   88576.0    57475.9   46080.0 42655.4 7168.0 6144.0    134    0.402   5      0.321    0.724
1024.0 1024.0 572.5   0.0   24576.0  19237.2   88576.0    57475.9   46080.0 42655.4 7168.0 6144.0    134    0.402   5      0.321    0.724
1024.0 1024.0 572.5   0.0   24576.0  20897.9   88576.0    57475.9   46080.0 42655.4 7168.0 6144.0    134    0.402   5      0.321    0.724
1024.0 1024.0 572.5   0.0   24576.0  22565.0   88576.0    57475.9   46080.0 42655.4 7168.0 6144.0    134    0.402   5      0.321    0.724
1024.0 1024.0 572.5   0.0   24576.0  24295.6   88576.0    57475.9   46080.0 42655.4 7168.0 6144.0    134    0.402   5      0.321    0.724
1024.0 1024.0  0.0   750.9  24576.0   1293.3   88576.0    57523.9   46080.0 42655.4 7168.0 6144.0    135    0.405   5      0.321    0.726
1024.0 1024.0  0.0   750.9  24576.0   3234.0   88576.0    57523.9   46080.0 42655.4 7168.0 6144.0    135    0.405   5      0.321    0.726
1024.0 1024.0  0.0   750.9  24576.0   4827.9   88576.0    57523.9   46080.0 42655.4 7168.0 6144.0    135    0.405   5      0.321    0.726
1024.0 1024.0  0.0   750.9  24576.0   6381.0   88576.0    57523.9   46080.0 42655.4 7168.0 6144.0    135    0.405   5      0.321    0.726
1024.0 1024.0  0.0   750.9  24576.0   7906.4   88576.0    57523.9   46080.0 42655.4 7168.0 6144.0    135    0.405   5      0.321    0.726
1024.0 1024.0  0.0   750.9  24576.0   9628.6   88576.0    57523.9   46080.0 42655.4 7168.0 6144.0    135    0.405   5      0.321    0.726
1024.0 1024.0  0.0   750.9  24576.0  11184.2   88576.0    57523.9   46080.0 42655.4 7168.0 6144.0    135    0.405   5      0.321    0.726
1024.0 1024.0  0.0   750.9  24576.0  12754.8   88576.0    57523.9   46080.0 42655.4 7168.0 6144.0    135    0.405   5      0.321    0.726
1024.0 1024.0  0.0   750.9  24576.0  14457.8   88576.0    57523.9   46080.0 42655.4 7168.0 6144.0    135    0.405   5      0.321    0.726
1024.0 1024.0  0.0   750.9  24576.0  16038.0   88576.0    57523.9   46080.0 42655.4 7168.0 6144.0    135    0.405   5      0.321    0.726
1024.0 1024.0  0.0   750.9  24576.0  17565.1   88576.0    57523.9   46080.0 42655.4 7168.0 6144.0    135    0.405   5      0.321    0.726
1024.0 1024.0  0.0   750.9  24576.0  19217.8   88576.0    57523.9   46080.0 42655.4 7168.0 6144.0    135    0.405   5      0.321    0.726
1024.0 1024.0  0.0   750.9  24576.0  21193.9   88576.0    57523.9   46080.0 42655.4 7168.0 6144.0    135    0.405   5      0.321    0.726
1024.0 1024.0  0.0   750.9  24576.0  22803.7   88576.0    57523.9   46080.0 42655.4 7168.0 6144.0    135    0.405   5      0.321    0.726
1024.0 1024.0  0.0   750.9  24576.0  24446.5   88576.0    57523.9   46080.0 42655.4 7168.0 6144.0    135    0.405   5      0.321    0.726
1024.0 1024.0 700.5   0.0   24576.0   1880.8   88576.0    57595.9   46080.0 42655.4 7168.0 6144.0    136    0.407   5      0.321    0.728
1024.0 1024.0 700.5   0.0   24576.0   3596.3   88576.0    57595.9   46080.0 42655.4 7168.0 6144.0    136    0.407   5      0.321    0.728
1024.0 1024.0 700.5   0.0   24576.0   5192.7   88576.0    57595.9   46080.0 42655.4 7168.0 6144.0    136    0.407   5      0.321    0.728
1024.0 1024.0 700.5   0.0   24576.0   6736.3   88576.0    57595.9   46080.0 42655.4 7168.0 6144.0    136    0.407   5      0.321    0.728
1024.0 1024.0 700.5   0.0   24576.0   8388.6   88576.0    57595.9   46080.0 42655.4 7168.0 6144.0    136    0.407   5      0.321    0.728
1024.0 1024.0 700.5   0.0   24576.0  10037.4   88576.0    57595.9   46080.0 42655.4 7168.0 6144.0    136    0.407   5      0.321    0.728
1024.0 1024.0 700.5   0.0   24576.0  11974.6   88576.0    57595.9   46080.0 42655.4 7168.0 6144.0    136    0.407   5      0.321    0.728
1024.0 1024.0 700.5   0.0   24576.0  13576.1   88576.0    57595.9   46080.0 42655.4 7168.0 6144.0    136    0.407   5      0.321    0.728
1024.0 1024.0 700.5   0.0   24576.0  15477.6   88576.0    57595.9   46080.0 42655.4 7168.0 6144.0    136    0.407   5      0.321    0.728
1024.0 1024.0 700.5   0.0   24576.0  17017.6   88576.0    57595.9   46080.0 42655.4 7168.0 6144.0    136    0.407   5      0.321    0.728
1024.0 1024.0 700.5   0.0   24576.0  19321.1   88576.0    57595.9   46080.0 42655.4 7168.0 6144.0    136    0.407   5      0.321    0.728
1024.0 1024.0 700.5   0.0   24576.0  20994.0   88576.0    57595.9   46080.0 42655.4 7168.0 6144.0    136    0.407   5      0.321    0.728
1024.0 1024.0 700.5   0.0   24576.0  23002.1   88576.0    57595.9   46080.0 42655.4 7168.0 6144.0    136    0.407   5      0.321    0.728
1024.0 1024.0 700.5   0.0   24576.0  24576.0   88576.0    57595.9   46080.0 42655.4 7168.0 6144.0    136    0.407   5      0.321    0.728
1024.0 1024.0  0.0   650.1  24576.0   1799.6   88576.0    57635.9   46080.0 42655.4 7168.0 6144.0    137    0.409   5      0.321    0.730
1024.0 1024.0  0.0   650.1  24576.0   3653.3   88576.0    57635.9   46080.0 42655.4 7168.0 6144.0    137    0.409   5      0.321    0.730
1024.0 1024.0  0.0   650.1  24576.0   5197.4   88576.0    57635.9   46080.0 42655.4 7168.0 6144.0    137    0.409   5      0.321    0.730
1024.0 1024.0  0.0   650.1  24576.0   6529.8   88576.0    57635.9   46080.0 42655.4 7168.0 6144.0    137    0.409   5      0.321    0.730
1024.0 1024.0  0.0   650.1  24576.0   8544.4   88576.0    57635.9   46080.0 42655.4 7168.0 6144.0    137    0.409   5      0.321    0.730
1024.0 1024.0  0.0   650.1  24576.0  10134.5   88576.0    57635.9   46080.0 42655.4 7168.0 6144.0    137    0.409   5      0.321    0.730
1024.0 1024.0  0.0   650.1  24576.0  11808.5   88576.0    57635.9   46080.0 42655.4 7168.0 6144.0    137    0.409   5      0.321    0.730
1024.0 1024.0  0.0   650.1  24576.0  13409.4   88576.0    57635.9   46080.0 42655.4 7168.0 6144.0    137    0.409   5      0.321    0.730
1024.0 1024.0  0.0   650.1  24576.0  15268.0   88576.0    57635.9   46080.0 42655.4 7168.0 6144.0    137    0.409   5      0.321    0.730
1024.0 1024.0  0.0   650.1  24576.0  16819.5   88576.0    57635.9   46080.0 42655.4 7168.0 6144.0    137    0.409   5      0.321    0.730
1024.0 1024.0  0.0   650.1  24576.0  18355.7   88576.0    57635.9   46080.0 42655.4 7168.0 6144.0    137    0.409   5      0.321    0.730
1024.0 1024.0  0.0   650.1  24576.0  19968.2   88576.0    57635.9   46080.0 42655.4 7168.0 6144.0    137    0.409   5      0.321    0.730
1024.0 1024.0  0.0   650.1  24576.0  21525.1   88576.0    57635.9   46080.0 42655.4 7168.0 6144.0    137    0.409   5      0.321    0.730
1024.0 1024.0  0.0   650.1  24576.0  23181.2   88576.0    57635.9   46080.0 42655.4 7168.0 6144.0    137    0.409   5      0.321    0.730
1024.0 1024.0 596.0   0.0   24576.0   338.1    88576.0    57651.9   46080.0 42656.1 7168.0 6144.5    138    0.412   5      0.321    0.733
1024.0 1024.0 596.0   0.0   24576.0   2035.3   88576.0    57651.9   46080.0 42656.1 7168.0 6144.5    138    0.412   5      0.321    0.733
1024.0 1024.0 596.0   0.0   24576.0   3597.5   88576.0    57651.9   46080.0 42656.1 7168.0 6144.5    138    0.412   5      0.321    0.733
1024.0 1024.0 596.0   0.0   24576.0   5191.0   88576.0    57651.9   46080.0 42656.1 7168.0 6144.5    138    0.412   5      0.321    0.733
1024.0 1024.0 596.0   0.0   24576.0   7229.7   88576.0    57651.9   46080.0 42656.1 7168.0 6144.5    138    0.412   5      0.321    0.733
1024.0 1024.0 596.0   0.0   24576.0   8823.1   88576.0    57651.9   46080.0 42656.1 7168.0 6144.5    138    0.412   5      0.321    0.733
1024.0 1024.0 596.0   0.0   24576.0  10258.5   88576.0    57651.9   46080.0 42656.1 7168.0 6144.5    138    0.412   5      0.321    0.733
1024.0 1024.0 596.0   0.0   24576.0  11867.6   88576.0    57651.9   46080.0 42656.1 7168.0 6144.5    138    0.412   5      0.321    0.733
1024.0 1024.0 596.0   0.0   24576.0  13442.2   88576.0    57651.9   46080.0 42656.1 7168.0 6144.5    138    0.412   5      0.321    0.733
1024.0 1024.0 596.0   0.0   24576.0  15106.0   88576.0    57651.9   46080.0 42656.1 7168.0 6144.5    138    0.412   5      0.321    0.733
1024.0 1024.0 596.0   0.0   24576.0  16678.6   88576.0    57651.9   46080.0 42656.1 7168.0 6144.5    138    0.412   5      0.321    0.733
1024.0 1024.0 596.0   0.0   24576.0  18225.5   88576.0    57651.9   46080.0 42656.1 7168.0 6144.5    138    0.412   5      0.321    0.733
1024.0 1024.0 596.0   0.0   24576.0  19901.4   88576.0    57651.9   46080.0 42656.1 7168.0 6144.5    138    0.412   5      0.321    0.733
1024.0 1024.0 596.0   0.0   24576.0  21489.6   88576.0    57651.9   46080.0 42656.1 7168.0 6144.5    138    0.412   5      0.321    0.733
1024.0 1024.0 596.0   0.0   24576.0  23398.8   88576.0    57651.9   46080.0 42656.1 7168.0 6144.5    138    0.412   5      0.321    0.733
1024.0 1024.0 596.0   0.0   24576.0  24576.0   88576.0    57651.9   46080.0 42656.1 7168.0 6144.5    138    0.412   5      0.321    0.733
1024.0 1024.0  0.0   641.2  24576.0   1775.2   88576.0    57667.9   46080.0 42656.7 7168.0 6144.5    139    0.414   5      0.321    0.735
1024.0 1024.0  0.0   641.2  24576.0   3641.9   88576.0    57667.9   46080.0 42656.7 7168.0 6144.5    139    0.414   5      0.321    0.735
1024.0 1024.0  0.0   641.2  24576.0   5207.5   88576.0    57667.9   46080.0 42656.7 7168.0 6144.5    139    0.414   5      0.321    0.735
1024.0 1024.0  0.0   641.2  24576.0   6801.5   88576.0    57667.9   46080.0 42656.7 7168.0 6144.5    139    0.414   5      0.321    0.735
1024.0 1024.0  0.0   641.2  24576.0   8337.4   88576.0    57667.9   46080.0 42656.7 7168.0 6144.5    139    0.414   5      0.321    0.735
1024.0 1024.0  0.0   641.2  24576.0   9939.4   88576.0    57667.9   46080.0 42656.7 7168.0 6144.5    139    0.414   5      0.321    0.735
1024.0 1024.0  0.0   641.2  24576.0  11611.0   88576.0    57667.9   46080.0 42656.7 7168.0 6144.5    139    0.414   5      0.321    0.735
1024.0 1024.0  0.0   641.2  24576.0  13133.8   88576.0    57667.9   46080.0 42656.7 7168.0 6144.5    139    0.414   5      0.321    0.735
1024.0 1024.0  0.0   641.2  24576.0  14757.5   88576.0    57667.9   46080.0 42656.7 7168.0 6144.5    139    0.414   5      0.321    0.735
1024.0 1024.0  0.0   641.2  24576.0  16726.9   88576.0    57667.9   46080.0 42656.7 7168.0 6144.5    139    0.414   5      0.321    0.735
1024.0 1024.0  0.0   641.2  24576.0  18293.7   88576.0    57667.9   46080.0 42656.7 7168.0 6144.5    139    0.414   5      0.321    0.735
1024.0 1024.0  0.0   641.2  24576.0  19792.0   88576.0    57667.9   46080.0 42656.7 7168.0 6144.5    139    0.414   5      0.321    0.735
1024.0 1024.0  0.0   641.2  24576.0  21412.5   88576.0    57667.9   46080.0 42656.7 7168.0 6144.5    139    0.414   5      0.321    0.735
1024.0 1024.0  0.0   641.2  24576.0  22928.9   88576.0    57667.9   46080.0 42656.7 7168.0 6144.5    139    0.414   5      0.321    0.735
1024.0 1024.0  0.0   641.2  24576.0  24547.4   88576.0    57667.9   46080.0 42656.7 7168.0 6144.5    139    0.414   5      0.321    0.735
1024.0 1024.0 673.2   0.0   24576.0   1625.7   88576.0    57683.9   46080.0 42656.7 7168.0 6144.5    140    0.416   5      0.321    0.737
1024.0 1024.0 673.2   0.0   24576.0   3609.9   88576.0    57683.9   46080.0 42656.7 7168.0 6144.5    140    0.416   5      0.321    0.737
1024.0 1024.0 673.2   0.0   24576.0   5174.5   88576.0    57683.9   46080.0 42656.7 7168.0 6144.5    140    0.416   5      0.321    0.737
1024.0 1024.0 673.2   0.0   24576.0   7162.8   88576.0    57683.9   46080.0 42656.7 7168.0 6144.5    140    0.416   5      0.321    0.737
1024.0 1024.0 673.2   0.0   24576.0   8769.1   88576.0    57683.9   46080.0 42656.7 7168.0 6144.5    140    0.416   5      0.321    0.737
1024.0 1024.0 673.2   0.0   24576.0  10320.5   88576.0    57683.9   46080.0 42656.7 7168.0 6144.5    140    0.416   5      0.321    0.737
1024.0 1024.0 673.2   0.0   24576.0  12253.7   88576.0    57683.9   46080.0 42656.7 7168.0 6144.5    140    0.416   5      0.321    0.737
1024.0 1024.0 673.2   0.0   24576.0  13824.2   88576.0    57683.9   46080.0 42656.7 7168.0 6144.5    140    0.416   5      0.321    0.737
1024.0 1024.0 673.2   0.0   24576.0  15340.0   88576.0    57683.9   46080.0 42656.7 7168.0 6144.5    140    0.416   5      0.321    0.737
1024.0 1024.0 673.2   0.0   24576.0  17338.4   88576.0    57683.9   46080.0 42656.7 7168.0 6144.5    140    0.416   5      0.321    0.737
1024.0 1024.0 673.2   0.0   24576.0  18943.2   88576.0    57683.9   46080.0 42656.7 7168.0 6144.5    140    0.416   5      0.321    0.737
1024.0 1024.0 673.2   0.0   24576.0  20456.7   88576.0    57683.9   46080.0 42656.7 7168.0 6144.5    140    0.416   5      0.321    0.737
1024.0 1024.0 673.2   0.0   24576.0  22086.6   88576.0    57683.9   46080.0 42656.7 7168.0 6144.5    140    0.416   5      0.321    0.737
1024.0 1024.0 673.2   0.0   24576.0  23666.2   88576.0    57683.9   46080.0 42656.7 7168.0 6144.5    140    0.416   5      0.321    0.737
1024.0 1024.0  0.0   708.6  24576.0   705.1    88576.0    57699.9   46080.0 42656.7 7168.0 6144.5    141    0.418   5      0.321    0.739
1024.0 1024.0  0.0   708.6  24576.0   2762.8   88576.0    57699.9   46080.0 42656.7 7168.0 6144.5    141    0.418   5      0.321    0.739
1024.0 1024.0  0.0   708.6  24576.0   4343.6   88576.0    57699.9   46080.0 42656.7 7168.0 6144.5    141    0.418   5      0.321    0.739
1024.0 1024.0  0.0   708.6  24576.0   5838.4   88576.0    57699.9   46080.0 42656.7 7168.0 6144.5    141    0.418   5      0.321    0.739
1024.0 1024.0  0.0   708.6  24576.0   7474.7   88576.0    57699.9   46080.0 42656.7 7168.0 6144.5    141    0.418   5      0.321    0.739
1024.0 1024.0  0.0   708.6  24576.0   9027.0   88576.0    57699.9   46080.0 42656.7 7168.0 6144.5    141    0.418   5      0.321    0.739
1024.0 1024.0  0.0   708.6  24576.0  10607.3   88576.0    57699.9   46080.0 42656.7 7168.0 6144.5    141    0.418   5      0.321    0.739
1024.0 1024.0  0.0   708.6  24576.0  12166.4   88576.0    57699.9   46080.0 42656.7 7168.0 6144.5    141    0.418   5      0.321    0.739
1024.0 1024.0  0.0   708.6  24576.0  14134.5   88576.0    57699.9   46080.0 42656.7 7168.0 6144.5    141    0.418   5      0.321    0.739
1024.0 1024.0  0.0   708.6  24576.0  15688.8   88576.0    57699.9   46080.0 42656.7 7168.0 6144.5    141    0.418   5      0.321    0.739
1024.0 1024.0  0.0   708.6  24576.0  17262.0   88576.0    57699.9   46080.0 42656.7 7168.0 6144.5    141    0.418   5      0.321    0.739
1024.0 1024.0  0.0   708.6  24576.0  18817.0   88576.0    57699.9   46080.0 42656.7 7168.0 6144.5    141    0.418   5      0.321    0.739
1024.0 1024.0  0.0   708.6  24576.0  20447.8   88576.0    57699.9   46080.0 42656.7 7168.0 6144.5    141    0.418   5      0.321    0.739
1024.0 1024.0  0.0   708.6  24576.0  22027.7   88576.0    57699.9   46080.0 42656.7 7168.0 6144.5    141    0.418   5      0.321    0.739
1024.0 1024.0 613.9   0.0   24576.0  21426.5   88576.0    57739.9   46080.0 42666.0 7168.0 6146.9    142    0.420   5      0.321    0.741
1024.0 1024.0 613.9   0.0   24576.0  23952.1   88576.0    57739.9   46080.0 42666.0 7168.0 6146.9    142    0.420   5      0.321    0.741
5632.0 1024.0  0.0   1018.1 24576.0   7597.2   88576.0    70027.3   46080.0 42677.1 7168.0 6146.9    143    0.429   5      0.321    0.751